###############################################################################
#
# IAR ELF Linker V3.10.1.201 for STM8                     03/Oct/2018  17:34:13
# Copyright 2010-2017 IAR Systems AB.
#
#    Output file  =  
#        E:\Program\VDK\STM8\PLC\Master-cpp\Debug\Exe\Master-cpp.out
#    Map file     =  
#        E:\Program\VDK\STM8\PLC\Master-cpp\Debug\List\Master-cpp.map
#    Command line =  
#        -f C:\Users\PHANVA~1\AppData\Local\Temp\EWB1EF.tmp
#        (E:\Program\VDK\STM8\PLC\Master-cpp\Debug\Obj\main.o
#        E:\Program\VDK\STM8\PLC\Master-cpp\Debug\Obj\PLC-master.o
#        E:\Program\VDK\STM8\PLC\Master-cpp\Debug\Obj\PLC-uart.o
#        E:\Program\VDK\STM8\PLC\Master-cpp\Debug\Obj\stm8s_clk.o
#        E:\Program\VDK\STM8\PLC\Master-cpp\Debug\Obj\stm8s_gpio.o
#        E:\Program\VDK\STM8\PLC\Master-cpp\Debug\Obj\stm8s_uart1.o --redirect
#        _Printf=_PrintfFullNoMb --redirect _Scanf=_ScanfFullNoMb -o
#        E:\Program\VDK\STM8\PLC\Master-cpp\Debug\Exe\Master-cpp.out --map
#        E:\Program\VDK\STM8\PLC\Master-cpp\Debug\List\Master-cpp.map --config
#        "C:\Program Files (x86)\IAR Systems\Embedded Workbench
#        8.0\stm8\config\lnkstm8s103f3.icf" --config_def _CSTACK_SIZE=0x200
#        --config_def _HEAP_SIZE=0x1000 --entry __iar_program_start
#        --debug_lib)
#
###############################################################################

*******************************************************************************
*** RUNTIME MODEL ATTRIBUTES
***

__Heap_Handler             = Basic
__SystemLibrary            = DLib
__code_model               = small
__core                     = stm8
__data_model               = medium
__dlib_file_descriptor     = 0
__dlib_full_locale_support = 0
__rt_version               = 4


*******************************************************************************
*** PLACEMENT SUMMARY
***

"A0":  place at start of [0x000000-0x0000ff] { rw section .vregs };
"A1":  place at end of [0x000000-0x0003ff] { block CSTACK };
"P2":  place in [from 0x000000 to 0x0003ff] {
          block HEAP, rw section __DLIB_PERTHREAD, rw section .far.bss,
          rw section .far.data, rw section .far.noinit,
          rw section .far_func.textrw, rw section .huge.bss,
          rw section .huge.data, rw section .huge.noinit,
          rw section .huge_func.textrw, rw section .iar.dynexit,
          rw section .near.bss, rw section .near.data, rw section .near.noinit,
          rw section .near_func.textrw };
"A2":  place at start of [0x008000-0x009fff] { block INTVEC };
"P3":  place in [from 0x008000 to 0x009fff] {
          ro section __DLIB_PERTHREAD_init, ro section .far.data_init,
          ro section .far_func.textrw_init, ro section .huge.data_init,
          ro section .huge_func.textrw_init, ro section .iar.init_table,
          ro section .init_array, ro section .near.data_init,
          ro section .near.rodata, ro section .near_func.text,
          ro section .near_func.textrw_init, ro section .tiny.data_init,
          ro section .tiny.rodata_init };
"P4":  place in [from 0x008000 to 0x009fff] {
          ro section .far.rodata, ro section .far_func.text };
"P5":  place in [from 0x008000 to 0x009fff] {
          ro section .huge.rodata, ro section .huge_func.text };
do not initialize {
   rw section .eeprom.noinit, rw section .far.noinit, rw section .huge.noinit,
   rw section .near.noinit, rw section .tiny.noinit, rw section .vregs };

  Section          Kind      Address   Size  Object
  -------          ----      -------   ----  ------
"A0":                                   0xc
  .vregs           uninit   0x000000    0xc  vregs.o [4]
                          - 0x00000c    0xc

"P2":                                  0x68
  .near.bss        zero     0x00000c   0x68  PLC-uart.o [1]
                          - 0x000074   0x68

"A1":                                 0x200
  CSTACK                    0x000200  0x200  <Block>
    CSTACK         uninit   0x000200  0x200  <Block tail>
                          - 0x000400  0x200

"A2":                                  0x80
  INTVEC                    0x008000   0x80  <Block>
    .intvec        const    0x008000   0x80  interrupt.o [4]
                          - 0x008080   0x80

"P3-P5":                              0x2dd
  .near_func.text  ro code  0x008080   0x8e  stm8s_gpio.o [1]
  .near_func.text  ro code  0x00810e   0x4e  PLC-uart.o [1]
  .near_func.text  ro code  0x00815c   0x3d  main.o [1]
  .near_func.text  ro code  0x008199   0x38  PLC-uart.o [1]
  .near_func.text  ro code  0x0081d1   0x38  vreg_util.o [4]
  .near_func.text  ro code  0x008209   0x32  PLC-uart.o [1]
  .near_func.text  ro code  0x00823b   0x2e  PLC-uart.o [1]
  .near_func.text  ro code  0x008269   0x25  PLC-uart.o [1]
  .near_func.text  ro code  0x00828e   0x21  main.o [1]
  .iar.init_table  const    0x0082af    0x8  - Linker created -
  .near_func.text  ro code  0x0082b7   0x1e  init_small.o [4]
  .near_func.text  ro code  0x0082d5   0x17  main.o [1]
  .near_func.text  ro code  0x0082ec   0x14  init.o [4]
  .near_func.text  ro code  0x008300   0x14  __dbg_xxexit.o [3]
  .near_func.text  ro code  0x008314   0x13  cstartup.o [4]
  .near_func.text  ro code  0x008327    0xd  move.o [4]
  .near_func.text  ro code  0x008334    0x9  PLC-uart.o [1]
  .near_func.text  ro code  0x00833d    0x7  stm8s_gpio.o [1]
  .near_func.text  ro code  0x008344    0x7  short.o [4]
  .near_func.text  ro code  0x00834b    0x5  cexit.o [4]
  .near_func.text  ro code  0x008350    0x3  interrupt.o [4]
  .near_func.text  ro code  0x008353    0x3  low_level_init.o [4]
  .near_func.text  ro code  0x008356    0x3  exit.o [4]
  .near_func.text  ro code  0x008359    0x3  unhandled_exception.o [4]
  .near_func.text  ro code  0x00835c    0x1  __dbg_break.o [3]
                          - 0x00835d  0x2dd


*******************************************************************************
*** INIT TABLE
***

          Address   Size
          -------   ----
Zero (__iar_zero_init2)
    1 destination range, total size 0x68:
          0x00000c  0x68



*******************************************************************************
*** MODULE SUMMARY
***

    Module                 ro code  ro data  rw data
    ------                 -------  -------  -------
E:\Program\VDK\STM8\PLC\Master-cpp\Debug\Obj: [1]
    PLC-uart.o                 276               104
    main.o                     117
    stm8s_gpio.o               149
    ------------------------------------------------
    Total:                     542               104

command line: [2]
    ------------------------------------------------
    Total:

dbgstm8smd.a: [3]
    __dbg_break.o                1
    __dbg_xxexit.o              20
    ------------------------------------------------
    Total:                      21

dlstm8smn.a: [4]
    cexit.o                      5
    cstartup.o                  19
    exit.o                       3
    init.o                      20
    init_small.o                30
    interrupt.o                  3      128
    low_level_init.o             3
    move.o                      13
    short.o                      7
    unhandled_exception.o        3
    vreg_util.o                 56
    vregs.o                                       12
    ------------------------------------------------
    Total:                     162      128       12

    Linker created                        8      512
----------------------------------------------------
    Grand Total:               725      136      628


*******************************************************************************
*** ENTRY LIST
***

Entry                    Address  Size  Type      Object
-----                    -------  ----  ----      ------
.iar.init_table$$Base   0x0082af         --   Gb  - Linker created -
.iar.init_table$$Limit  0x0082b7         --   Gb  - Linker created -
?b0                     0x000000        Data  Gb  vregs.o [4]
?b1                     0x000001        Data  Gb  vregs.o [4]
?b10                    0x00000a        Data  Gb  vregs.o [4]
?b11                    0x00000b        Data  Gb  vregs.o [4]
?b2                     0x000002        Data  Gb  vregs.o [4]
?b3                     0x000003        Data  Gb  vregs.o [4]
?b4                     0x000004        Data  Gb  vregs.o [4]
?b5                     0x000005        Data  Gb  vregs.o [4]
?b6                     0x000006        Data  Gb  vregs.o [4]
?b7                     0x000007        Data  Gb  vregs.o [4]
?b8                     0x000008        Data  Gb  vregs.o [4]
?b9                     0x000009        Data  Gb  vregs.o [4]
?e0                     0x000001        Data  Gb  vregs.o [4]
?e1                     0x000005        Data  Gb  vregs.o [4]
?e2                     0x000009        Data  Gb  vregs.o [4]
?l0                     0x000000        Data  Gb  vregs.o [4]
?l1                     0x000004        Data  Gb  vregs.o [4]
?l2                     0x000008        Data  Gb  vregs.o [4]
?move1616_v_x_y_a       0x008327        Code  Gb  move.o [4]
?pop_w0                 0x0081f3        Code  Gb  vreg_util.o [4]
?pop_w2                 0x0081fa        Code  Gb  vreg_util.o [4]
?push_w0                0x0081d1        Code  Gb  vreg_util.o [4]
?push_w2                0x0081d6        Code  Gb  vreg_util.o [4]
?push_w4                0x0081db        Code  Gb  vreg_util.o [4]
?sext16_x_a             0x008344        Code  Gb  short.o [4]
?w0                     0x000000        Data  Gb  vregs.o [4]
?w1                     0x000002        Data  Gb  vregs.o [4]
?w2                     0x000004        Data  Gb  vregs.o [4]
?w3                     0x000006        Data  Gb  vregs.o [4]
?w4                     0x000008        Data  Gb  vregs.o [4]
?w5                     0x00000a        Data  Gb  vregs.o [4]
CSTACK$$Base            0x000200         --   Gb  - Linker created -
CSTACK$$Limit           0x000400         --   Gb  - Linker created -
Config_uart()           0x008269  0x25  Code  Gb  PLC-uart.o [1]
Fn_UART_SendChar(char)  0x008334   0x9  Code  Gb  PLC-uart.o [1]
GPIO_Init(GPIO_struct __near *, GPIO_Pin_TypeDef, GPIO_Mode_TypeDef)
                        0x008080  0x8e  Code  Gb  stm8s_gpio.o [1]
GPIO_WriteReverse(GPIO_struct __near *, GPIO_Pin_TypeDef)
                        0x00833d   0x7  Code  Gb  stm8s_gpio.o [1]
INTVEC$$Base            0x008000         --   Gb  - Linker created -
INTVEC$$Limit           0x008080         --   Gb  - Linker created -
Q_data                  0x00000c  0x68  Data  Gb  PLC-uart.o [1]
Queue_Init()            0x008199  0x38  Code  Gb  PLC-uart.o [1]
Queue_Pop(Queue __near *)
                        0x008209  0x32  Code  Gb  PLC-uart.o [1]
Queue_Push(Queue __near *, unsigned char)
                        0x00810e  0x4e  Code  Gb  PLC-uart.o [1]
Region$$Table$$Base     0x0082af         --   Gb  - Linker created -
Region$$Table$$Limit    0x0082b7         --   Gb  - Linker created -
UART1_RX_IRQHandler()   0x00823b  0x2e  Code  Gb  PLC-uart.o [1]
__DebugBreak            0x00835c   0x1  Code  Gb  __dbg_break.o [3]
__exit                  0x008300  0x14  Code  Gb  __dbg_xxexit.o [3]
__iar_data_init2        0x0082ec  0x14  Code  Gb  init.o [4]
__iar_program_start     0x008314        Code  Gb  cstartup.o [4]
__iar_unhandled_exception
                        0x008359        Code  Gb  unhandled_exception.o [4]
__iar_zero_init2        0x0082b7        Code  Gb  init_small.o [4]
__intvec                0x008000        Data  Gb  interrupt.o [4]
__low_level_init        0x008353   0x3  Code  Gb  low_level_init.o [4]
_exit                   0x00834b        Code  Gb  cexit.o [4]
_interrupt_20           0x00823b        Code  Gb  PLC-uart.o [1]
blink()                 0x00828e  0x21  Code  Gb  main.o [1]
delay_ms(int)           0x0082d5  0x17  Code  Gb  main.o [1]
exit                    0x008356   0x3  Code  Gb  exit.o [4]
main                    0x00815c  0x3d  Code  Gb  main.o [1]


[1] = E:\Program\VDK\STM8\PLC\Master-cpp\Debug\Obj
[2] = command line
[3] = dbgstm8smd.a
[4] = dlstm8smn.a

  725 bytes of readonly  code memory
  136 bytes of readonly  data memory
  628 bytes of readwrite data memory

Errors: none
Warnings: none
