###############################################################################
#
# IAR ELF Linker V3.10.1.201 for STM8                     09/Nov/2018  08:10:03
# Copyright 2010-2017 IAR Systems AB.
#
#    Output file  =  E:\Program\VDK\STM8\PLC\PLC-slave\Debug\Exe\PLC-slave.out
#    Map file     =  E:\Program\VDK\STM8\PLC\PLC-slave\Debug\List\PLC-slave.map
#    Command line =  
#        -f C:\Users\PHANVA~1\AppData\Local\Temp\EW516D.tmp
#        (E:\Program\VDK\STM8\PLC\PLC-slave\Debug\Obj\main.o
#        E:\Program\VDK\STM8\PLC\PLC-slave\Debug\Obj\PLC-gpio.o
#        E:\Program\VDK\STM8\PLC\PLC-slave\Debug\Obj\PLC-slave.o
#        E:\Program\VDK\STM8\PLC\PLC-slave\Debug\Obj\PLC-uart.o
#        E:\Program\VDK\STM8\PLC\PLC-slave\Debug\Obj\PLC.o --redirect
#        _Printf=_PrintfFullNoMb --redirect _Scanf=_ScanfFullNoMb -o
#        E:\Program\VDK\STM8\PLC\PLC-slave\Debug\Exe\PLC-slave.out --map
#        E:\Program\VDK\STM8\PLC\PLC-slave\Debug\List\PLC-slave.map --config
#        "C:\Program Files (x86)\IAR Systems\Embedded Workbench
#        8.0\stm8\config\lnkstm8s103f3.icf" --config_def _CSTACK_SIZE=0x100
#        --config_def _HEAP_SIZE=0x100 --entry __iar_program_start --debug_lib)
#
###############################################################################

*******************************************************************************
*** RUNTIME MODEL ATTRIBUTES
***

__SystemLibrary            = DLib
__code_model               = small
__core                     = stm8
__data_model               = medium
__dlib_file_descriptor     = 0
__dlib_full_locale_support = 0
__rt_version               = 4


*******************************************************************************
*** PLACEMENT SUMMARY
***

"A0":  place at start of [0x000000-0x0000ff] { rw section .vregs };
"A1":  place at end of [0x000000-0x0003ff] { block CSTACK };
"P2":  place in [from 0x000000 to 0x0003ff] {
          block HEAP, rw section __DLIB_PERTHREAD, rw section .far.bss,
          rw section .far.data, rw section .far.noinit,
          rw section .far_func.textrw, rw section .huge.bss,
          rw section .huge.data, rw section .huge.noinit,
          rw section .huge_func.textrw, rw section .iar.dynexit,
          rw section .near.bss, rw section .near.data, rw section .near.noinit,
          rw section .near_func.textrw };
"A2":  place at start of [0x008000-0x009fff] { block INTVEC };
"P3":  place in [from 0x008000 to 0x009fff] {
          ro section __DLIB_PERTHREAD_init, ro section .far.data_init,
          ro section .far_func.textrw_init, ro section .huge.data_init,
          ro section .huge_func.textrw_init, ro section .iar.init_table,
          ro section .init_array, ro section .near.data_init,
          ro section .near.rodata, ro section .near_func.text,
          ro section .near_func.textrw_init, ro section .tiny.data_init,
          ro section .tiny.rodata_init };
"P4":  place in [from 0x008000 to 0x009fff] {
          ro section .far.rodata, ro section .far_func.text };
"P5":  place in [from 0x008000 to 0x009fff] {
          ro section .huge.rodata, ro section .huge_func.text };
do not initialize {
   rw section .eeprom.noinit, rw section .far.noinit, rw section .huge.noinit,
   rw section .near.noinit, rw section .tiny.noinit, rw section .vregs };

  Section          Kind      Address   Size  Object
  -------          ----      -------   ----  ------
"A0":                                   0xc
  .vregs           uninit   0x000000    0xc  vregs.o [4]
                          - 0x00000c    0xc

"P2":                                  0xb3
  .near.bss        zero     0x00000c   0x68  PLC.o [1]
  .near.bss        zero     0x000074   0x48  PLC.o [1]
  .near.bss        zero     0x0000bc    0x2  PLC-slave.o [1]
  .near.bss        zero     0x0000be    0x1  PLC.o [1]
                          - 0x0000bf   0xb3

"A1":                                 0x100
  CSTACK                    0x000300  0x100  <Block>
    CSTACK         uninit   0x000300  0x100  <Block tail>
                          - 0x000400  0x100

"A2":                                  0x80
  INTVEC                    0x008000   0x80  <Block>
    .intvec        const    0x008000   0x80  interrupt.o [4]
                          - 0x008080   0x80

"P3-P5":                              0x6b0
  .near_func.text  ro code  0x008080   0xa3  PLC-uart.o [1]
  .near_func.text  ro code  0x008123   0x9a  PLC.o [1]
  .near_func.text  ro code  0x0081bd   0x8b  vreg_util.o [4]
  .near_func.text  ro code  0x008248   0x75  PLC-gpio.o [1]
  .near_func.text  ro code  0x0082bd   0x72  PLC.o [1]
  .near_func.text  ro code  0x00832f   0x69  PLC-slave.o [1]
  .near_func.text  ro code  0x008398   0x5b  PLC.o [1]
  .near_func.text  ro code  0x0083f3   0x3c  PLC.o [1]
  .near_func.text  ro code  0x00842f   0x3b  PLC.o [1]
  .near_func.text  ro code  0x00846a   0x38  PLC.o [1]
  .near_func.text  ro code  0x0084a2   0x34  PLC-uart.o [1]
  .near_func.text  ro code  0x0084d6   0x2e  char.o [4]
  .near_func.text  ro code  0x008504   0x2d  short.o [4]
  .near_func.text  ro code  0x008531   0x2c  strcmp.o [4]
  .near_func.text  ro code  0x00855d   0x2b  main.o [1]
  .near_func.text  ro code  0x008588   0x25  PLC-uart.o [1]
  .near_func.text  ro code  0x0085ad   0x24  strcat.o [4]
  .near_func.text  ro code  0x0085d1   0x21  PLC-gpio.o [1]
  .near_func.text  ro code  0x0085f2   0x21  PLC-uart.o [1]
  .near_func.text  ro code  0x008613   0x21  PLC.o [1]
  .iar.init_table  const    0x008634    0x8  - Linker created -
  .near_func.text  ro code  0x00863c   0x1f  PLC.o [1]
  .near_func.text  ro code  0x00865b   0x1e  PLC-slave.o [1]
  .near_func.text  ro code  0x008679   0x1e  init_small.o [4]
  .near_func.text  ro code  0x008697   0x14  init.o [4]
  .near_func.text  ro code  0x0086ab   0x14  __dbg_xxexit.o [3]
  .near_func.text  ro code  0x0086bf   0x13  cstartup.o [4]
  .near_func.text  ro code  0x0086d2   0x10  PLC-slave.o [1]
  .near_func.text  ro code  0x0086e2    0xd  strlen.o [4]
  .near_func.text  ro code  0x0086ef    0xb  PLC-uart.o [1]
  .near_func.text  ro code  0x0086fa    0x9  PLC-slave.o [1]
  .near_func.text  ro code  0x008703    0x9  PLC-uart.o [1]
  .near.rodata     const    0x00870c    0x6  PLC-slave.o [1]
  .near_func.text  ro code  0x008712    0x5  cexit.o [4]
  .near.rodata     const    0x008717    0x4  PLC-slave.o [1]
  .near.rodata     const    0x00871b    0x4  PLC.o [1]
  .near.rodata     const    0x00871f    0x4  PLC.o [1]
  .near_func.text  ro code  0x008723    0x3  interrupt.o [4]
  .near_func.text  ro code  0x008726    0x3  low_level_init.o [4]
  .near_func.text  ro code  0x008729    0x3  exit.o [4]
  .near_func.text  ro code  0x00872c    0x3  unhandled_exception.o [4]
  .near_func.text  ro code  0x00872f    0x1  __dbg_break.o [3]
                          - 0x008730  0x6b0


*******************************************************************************
*** INIT TABLE
***

          Address   Size
          -------   ----
Zero (__iar_zero_init2)
    1 destination range, total size 0xb3:
          0x00000c  0xb3



*******************************************************************************
*** MODULE SUMMARY
***

    Module                 ro code  ro data  rw data
    ------                 -------  -------  -------
E:\Program\VDK\STM8\PLC\PLC-slave\Debug\Obj: [1]
    PLC-gpio.o                 150
    PLC-slave.o                160       10        2
    PLC-uart.o                 305
    PLC.o                      598        8      177
    main.o                      43
    ------------------------------------------------
    Total:                   1 256       18      179

command line: [2]
    ------------------------------------------------
    Total:

dbgstm8smd.a: [3]
    __dbg_break.o                1
    __dbg_xxexit.o              20
    ------------------------------------------------
    Total:                      21

dlstm8smn.a: [4]
    cexit.o                      5
    char.o                      46
    cstartup.o                  19
    exit.o                       3
    init.o                      20
    init_small.o                30
    interrupt.o                  3      128
    low_level_init.o             3
    short.o                     45
    strcat.o                    36
    strcmp.o                    44
    strlen.o                    13
    unhandled_exception.o        3
    vreg_util.o                139
    vregs.o                                       12
    ------------------------------------------------
    Total:                     409      128       12

    Linker created                        8      256
----------------------------------------------------
    Grand Total:             1 686      154      447


*******************************************************************************
*** ENTRY LIST
***

Entry                    Address  Size  Type      Object
-----                    -------  ----  ----      ------
.iar.init_table$$Base   0x008634         --   Gb  - Linker created -
.iar.init_table$$Limit  0x00863c         --   Gb  - Linker created -
?b0                     0x000000        Data  Gb  vregs.o [4]
?b1                     0x000001        Data  Gb  vregs.o [4]
?b10                    0x00000a        Data  Gb  vregs.o [4]
?b11                    0x00000b        Data  Gb  vregs.o [4]
?b2                     0x000002        Data  Gb  vregs.o [4]
?b3                     0x000003        Data  Gb  vregs.o [4]
?b4                     0x000004        Data  Gb  vregs.o [4]
?b5                     0x000005        Data  Gb  vregs.o [4]
?b6                     0x000006        Data  Gb  vregs.o [4]
?b7                     0x000007        Data  Gb  vregs.o [4]
?b8                     0x000008        Data  Gb  vregs.o [4]
?b9                     0x000009        Data  Gb  vregs.o [4]
?e0                     0x000001        Data  Gb  vregs.o [4]
?e1                     0x000005        Data  Gb  vregs.o [4]
?e2                     0x000009        Data  Gb  vregs.o [4]
?epilogue_l2            0x008239        Code  Gb  vreg_util.o [4]
?epilogue_w4            0x00823d        Code  Gb  vreg_util.o [4]
?l0                     0x000000        Data  Gb  vregs.o [4]
?l1                     0x000004        Data  Gb  vregs.o [4]
?l2                     0x000008        Data  Gb  vregs.o [4]
?mov_w0_w1              0x008241        Code  Gb  vreg_util.o [4]
?mul16_x_x_w0           0x008504        Code  Gb  short.o [4]
?pop_l0                 0x008210        Code  Gb  vreg_util.o [4]
?pop_l1                 0x00821b        Code  Gb  vreg_util.o [4]
?pop_l2                 0x008226        Code  Gb  vreg_util.o [4]
?pop_w4                 0x0081d5        Code  Gb  vreg_util.o [4]
?push_l0                0x0081e4        Code  Gb  vreg_util.o [4]
?push_l1                0x0081e9        Code  Gb  vreg_util.o [4]
?push_l2                0x0081ee        Code  Gb  vreg_util.o [4]
?push_w4                0x0081bd        Code  Gb  vreg_util.o [4]
?sdiv8_xl_a_b0          0x0084d6        Code  Gb  char.o [4]
?sext16_x_a             0x00852a        Code  Gb  short.o [4]
?sll16_x_x_a            0x008522        Code  Gb  short.o [4]
?smod8_a_b0_a           0x0084f0        Code  Gb  char.o [4]
?w0                     0x000000        Data  Gb  vregs.o [4]
?w1                     0x000002        Data  Gb  vregs.o [4]
?w2                     0x000004        Data  Gb  vregs.o [4]
?w3                     0x000006        Data  Gb  vregs.o [4]
?w4                     0x000008        Data  Gb  vregs.o [4]
?w5                     0x00000a        Data  Gb  vregs.o [4]
CSTACK$$Base            0x000300         --   Gb  - Linker created -
CSTACK$$Limit           0x000400         --   Gb  - Linker created -
Config_Timer            0x0085f2  0x21  Code  Gb  PLC-uart.o [1]
Config_Uart             0x008588  0x25  Code  Gb  PLC-uart.o [1]
Fn_UART_PutChar         0x008703   0x9  Code  Gb  PLC-uart.o [1]
Fn_UART_PutInt          0x008080  0xa3  Code  Gb  PLC-uart.o [1]
Fn_UART_Puts            0x0086ef   0xb  Code  Gb  PLC-uart.o [1]
Frame_Catch             0x008398  0x5b  Code  Gb  PLC.o [1]
Frame_Reset             0x0082bd  0x72  Code  Gb  PLC.o [1]
Frame_Split             0x008123  0x9a  Code  Gb  PLC.o [1]
GPIO_Setup              0x0085d1  0x21  Code  Gb  PLC-gpio.o [1]
INTVEC$$Base            0x008000         --   Gb  - Linker created -
INTVEC$$Limit           0x008080         --   Gb  - Linker created -
Q_data                  0x00000c  0x68  Data  Gb  PLC.o [1]
Queue_Init              0x00863c  0x1f  Code  Gb  PLC.o [1]
Queue_Pop               0x008613  0x21  Code  Gb  PLC.o [1]
Queue_Push              0x0083f3  0x3c  Code  Gb  PLC.o [1]
Region$$Table$$Base     0x008634         --   Gb  - Linker created -
Region$$Table$$Limit    0x00863c         --   Gb  - Linker created -
Slave_Reset             0x0086fa   0x9  Code  Gb  PLC-slave.o [1]
Slave_Update_1          0x00865b  0x1e  Code  Gb  PLC-slave.o [1]
Slave_Update_2          0x00832f  0x69  Code  Gb  PLC-slave.o [1]
String_Str2Int          0x00842f  0x3b  Code  Gb  PLC.o [1]
String_nCopy            0x00846a  0x38  Code  Gb  PLC.o [1]
TIM2_UPD_OVF_BRK_IRQHandler
                        0x0086d2  0x10  Code  Gb  PLC-slave.o [1]
UART1_RX_IRQHandler     0x0084a2  0x34  Code  Gb  PLC-uart.o [1]
__DebugBreak            0x00872f   0x1  Code  Gb  __dbg_break.o [3]
__exit                  0x0086ab  0x14  Code  Gb  __dbg_xxexit.o [3]
__iar_data_init2        0x008697  0x14  Code  Gb  init.o [4]
__iar_program_start     0x0086bf        Code  Gb  cstartup.o [4]
__iar_unhandled_exception
                        0x00872c        Code  Gb  unhandled_exception.o [4]
__iar_zero_init2        0x008679        Code  Gb  init_small.o [4]
__intvec                0x008000        Data  Gb  interrupt.o [4]
__low_level_init        0x008726   0x3  Code  Gb  low_level_init.o [4]
_exit                   0x008712        Code  Gb  cexit.o [4]
_interrupt_15           0x0086d2        Code  Gb  PLC-slave.o [1]
_interrupt_20           0x0084a2        Code  Gb  PLC-uart.o [1]
digitalWrite            0x008248  0x75  Code  Gb  PLC-gpio.o [1]
exit                    0x008729   0x3  Code  Gb  exit.o [4]
frame                   0x000074  0x48  Data  Gb  PLC.o [1]
main                    0x00855d  0x2b  Code  Gb  main.o [1]
slave                   0x0000bc   0x2  Data  Gb  PLC-slave.o [1]
strcat                  0x0085ad  0x24  Code  Gb  strcat.o [4]
strcmp                  0x008531  0x2c  Code  Gb  strcmp.o [4]
strlen                  0x0086e2   0xd  Code  Gb  strlen.o [4]
test_count              0x0000be   0x1  Data  Gb  PLC.o [1]


[1] = E:\Program\VDK\STM8\PLC\PLC-slave\Debug\Obj
[2] = command line
[3] = dbgstm8smd.a
[4] = dlstm8smn.a

  1 686 bytes of readonly  code memory
    154 bytes of readonly  data memory
    447 bytes of readwrite data memory

Errors: none
Warnings: none
