###############################################################################
#
# IAR ELF Linker V3.10.1.201 for STM8                     10/Oct/2018  16:10:58
# Copyright 2010-2017 IAR Systems AB.
#
#    Output file  =  E:\Program\VDK\STM8\PLC\PLC-slave\Debug\Exe\PLC-slave.out
#    Map file     =  E:\Program\VDK\STM8\PLC\PLC-slave\Debug\List\PLC-slave.map
#    Command line =  
#        -f C:\Users\PHANVA~1\AppData\Local\Temp\EWB8F4.tmp
#        (E:\Program\VDK\STM8\PLC\PLC-slave\Debug\Obj\main.o
#        E:\Program\VDK\STM8\PLC\PLC-slave\Debug\Obj\PLC-gpio.o
#        E:\Program\VDK\STM8\PLC\PLC-slave\Debug\Obj\PLC-slave.o
#        E:\Program\VDK\STM8\PLC\PLC-slave\Debug\Obj\PLC-uart.o
#        E:\Program\VDK\STM8\PLC\PLC-slave\Debug\Obj\PLC.o --redirect
#        _Printf=_PrintfFullNoMb --redirect _Scanf=_ScanfFullNoMb -o
#        E:\Program\VDK\STM8\PLC\PLC-slave\Debug\Exe\PLC-slave.out --map
#        E:\Program\VDK\STM8\PLC\PLC-slave\Debug\List\PLC-slave.map --config
#        "C:\Program Files (x86)\IAR Systems\Embedded Workbench
#        8.0\stm8\config\lnkstm8s103f3.icf" --config_def _CSTACK_SIZE=0x100
#        --config_def _HEAP_SIZE=0x100 --entry __iar_program_start --debug_lib)
#
###############################################################################

*******************************************************************************
*** RUNTIME MODEL ATTRIBUTES
***

__SystemLibrary            = DLib
__code_model               = small
__core                     = stm8
__data_model               = medium
__dlib_file_descriptor     = 0
__dlib_full_locale_support = 0
__rt_version               = 4


*******************************************************************************
*** PLACEMENT SUMMARY
***

"A0":  place at start of [0x000000-0x0000ff] { rw section .vregs };
"A1":  place at end of [0x000000-0x0003ff] { block CSTACK };
"P2":  place in [from 0x000000 to 0x0003ff] {
          block HEAP, rw section __DLIB_PERTHREAD, rw section .far.bss,
          rw section .far.data, rw section .far.noinit,
          rw section .far_func.textrw, rw section .huge.bss,
          rw section .huge.data, rw section .huge.noinit,
          rw section .huge_func.textrw, rw section .iar.dynexit,
          rw section .near.bss, rw section .near.data, rw section .near.noinit,
          rw section .near_func.textrw };
"A2":  place at start of [0x008000-0x009fff] { block INTVEC };
"P3":  place in [from 0x008000 to 0x009fff] {
          ro section __DLIB_PERTHREAD_init, ro section .far.data_init,
          ro section .far_func.textrw_init, ro section .huge.data_init,
          ro section .huge_func.textrw_init, ro section .iar.init_table,
          ro section .init_array, ro section .near.data_init,
          ro section .near.rodata, ro section .near_func.text,
          ro section .near_func.textrw_init, ro section .tiny.data_init,
          ro section .tiny.rodata_init };
"P4":  place in [from 0x008000 to 0x009fff] {
          ro section .far.rodata, ro section .far_func.text };
"P5":  place in [from 0x008000 to 0x009fff] {
          ro section .huge.rodata, ro section .huge_func.text };
do not initialize {
   rw section .eeprom.noinit, rw section .far.noinit, rw section .huge.noinit,
   rw section .near.noinit, rw section .tiny.noinit, rw section .vregs };

  Section          Kind      Address   Size  Object
  -------          ----      -------   ----  ------
"A0":                                   0xc
  .vregs           uninit   0x000000    0xc  vregs.o [4]
                          - 0x00000c    0xc

"P2":                                  0xb2
  .near.bss        zero     0x00000c   0x68  PLC.o [1]
  .near.bss        zero     0x000074   0x48  PLC.o [1]
  .near.bss        zero     0x0000bc    0x2  PLC-slave.o [1]
                          - 0x0000be   0xb2

"A1":                                 0x100
  CSTACK                    0x000300  0x100  <Block>
    CSTACK         uninit   0x000300  0x100  <Block tail>
                          - 0x000400  0x100

"A2":                                  0x80
  INTVEC                    0x008000   0x80  <Block>
    .intvec        const    0x008000   0x80  interrupt.o [4]
                          - 0x008080   0x80

"P3-P5":                              0x551
  .near_func.text  ro code  0x008080   0x9a  PLC.o [1]
  .near_func.text  ro code  0x00811a   0x8b  vreg_util.o [4]
  .near_func.text  ro code  0x0081a5   0x75  PLC-gpio.o [1]
  .near_func.text  ro code  0x00821a   0x73  PLC-slave.o [1]
  .near_func.text  ro code  0x00828d   0x72  PLC.o [1]
  .near_func.text  ro code  0x0082ff   0x5b  PLC.o [1]
  .near_func.text  ro code  0x00835a   0x3c  PLC.o [1]
  .near_func.text  ro code  0x008396   0x3b  PLC.o [1]
  .near_func.text  ro code  0x0083d1   0x38  PLC.o [1]
  .near_func.text  ro code  0x008409   0x2d  short.o [4]
  .near_func.text  ro code  0x008436   0x2c  strcmp.o [4]
  .near_func.text  ro code  0x008462   0x25  PLC-uart.o [1]
  .near_func.text  ro code  0x008487   0x25  PLC-uart.o [1]
  .near_func.text  ro code  0x0084ac   0x24  strcat.o [4]
  .near_func.text  ro code  0x0084d0   0x21  PLC-uart.o [1]
  .near_func.text  ro code  0x0084f1   0x21  PLC.o [1]
  .iar.init_table  const    0x008512    0x8  - Linker created -
  .near_func.text  ro code  0x00851a   0x1e  main.o [1]
  .near_func.text  ro code  0x008538   0x1e  init_small.o [4]
  .near_func.text  ro code  0x008556   0x14  init.o [4]
  .near_func.text  ro code  0x00856a   0x14  __dbg_xxexit.o [3]
  .near_func.text  ro code  0x00857e   0x13  cstartup.o [4]
  .near_func.text  ro code  0x008591   0x10  PLC-slave.o [1]
  .near_func.text  ro code  0x0085a1    0xd  strlen.o [4]
  .near_func.text  ro code  0x0085ae    0x9  PLC-slave.o [1]
  .near_func.text  ro code  0x0085b7    0x5  cexit.o [4]
  .near.rodata     const    0x0085bc    0x4  PLC.o [1]
  .near.rodata     const    0x0085c0    0x4  PLC.o [1]
  .near_func.text  ro code  0x0085c4    0x3  interrupt.o [4]
  .near_func.text  ro code  0x0085c7    0x3  low_level_init.o [4]
  .near_func.text  ro code  0x0085ca    0x3  exit.o [4]
  .near_func.text  ro code  0x0085cd    0x3  unhandled_exception.o [4]
  .near_func.text  ro code  0x0085d0    0x1  __dbg_break.o [3]
                          - 0x0085d1  0x551


*******************************************************************************
*** INIT TABLE
***

          Address   Size
          -------   ----
Zero (__iar_zero_init2)
    1 destination range, total size 0xb2:
          0x00000c  0xb2



*******************************************************************************
*** MODULE SUMMARY
***

    Module                 ro code  ro data  rw data
    ------                 -------  -------  -------
E:\Program\VDK\STM8\PLC\PLC-slave\Debug\Obj: [1]
    PLC-gpio.o                 117
    PLC-slave.o                140                 2
    PLC-uart.o                 107
    PLC.o                      567        8      176
    main.o                      30
    ------------------------------------------------
    Total:                     961        8      178

command line: [2]
    ------------------------------------------------
    Total:

dbgstm8smd.a: [3]
    __dbg_break.o                1
    __dbg_xxexit.o              20
    ------------------------------------------------
    Total:                      21

dlstm8smn.a: [4]
    cexit.o                      5
    cstartup.o                  19
    exit.o                       3
    init.o                      20
    init_small.o                30
    interrupt.o                  3      128
    low_level_init.o             3
    short.o                     45
    strcat.o                    36
    strcmp.o                    44
    strlen.o                    13
    unhandled_exception.o        3
    vreg_util.o                139
    vregs.o                                       12
    ------------------------------------------------
    Total:                     363      128       12

    Linker created                        8      256
----------------------------------------------------
    Grand Total:             1 345      144      446


*******************************************************************************
*** ENTRY LIST
***

Entry                    Address  Size  Type      Object
-----                    -------  ----  ----      ------
.iar.init_table$$Base   0x008512         --   Gb  - Linker created -
.iar.init_table$$Limit  0x00851a         --   Gb  - Linker created -
?b0                     0x000000        Data  Gb  vregs.o [4]
?b1                     0x000001        Data  Gb  vregs.o [4]
?b10                    0x00000a        Data  Gb  vregs.o [4]
?b11                    0x00000b        Data  Gb  vregs.o [4]
?b2                     0x000002        Data  Gb  vregs.o [4]
?b3                     0x000003        Data  Gb  vregs.o [4]
?b4                     0x000004        Data  Gb  vregs.o [4]
?b5                     0x000005        Data  Gb  vregs.o [4]
?b6                     0x000006        Data  Gb  vregs.o [4]
?b7                     0x000007        Data  Gb  vregs.o [4]
?b8                     0x000008        Data  Gb  vregs.o [4]
?b9                     0x000009        Data  Gb  vregs.o [4]
?e0                     0x000001        Data  Gb  vregs.o [4]
?e1                     0x000005        Data  Gb  vregs.o [4]
?e2                     0x000009        Data  Gb  vregs.o [4]
?epilogue_l2            0x008196        Code  Gb  vreg_util.o [4]
?epilogue_w4            0x00819a        Code  Gb  vreg_util.o [4]
?l0                     0x000000        Data  Gb  vregs.o [4]
?l1                     0x000004        Data  Gb  vregs.o [4]
?l2                     0x000008        Data  Gb  vregs.o [4]
?mov_w0_w1              0x00819e        Code  Gb  vreg_util.o [4]
?mul16_x_x_w0           0x008409        Code  Gb  short.o [4]
?pop_l0                 0x00816d        Code  Gb  vreg_util.o [4]
?pop_l1                 0x008178        Code  Gb  vreg_util.o [4]
?pop_l2                 0x008183        Code  Gb  vreg_util.o [4]
?pop_w4                 0x008132        Code  Gb  vreg_util.o [4]
?push_l0                0x008141        Code  Gb  vreg_util.o [4]
?push_l1                0x008146        Code  Gb  vreg_util.o [4]
?push_l2                0x00814b        Code  Gb  vreg_util.o [4]
?push_w4                0x00811a        Code  Gb  vreg_util.o [4]
?sext16_x_a             0x00842f        Code  Gb  short.o [4]
?sll16_x_x_a            0x008427        Code  Gb  short.o [4]
?w0                     0x000000        Data  Gb  vregs.o [4]
?w1                     0x000002        Data  Gb  vregs.o [4]
?w2                     0x000004        Data  Gb  vregs.o [4]
?w3                     0x000006        Data  Gb  vregs.o [4]
?w4                     0x000008        Data  Gb  vregs.o [4]
?w5                     0x00000a        Data  Gb  vregs.o [4]
CSTACK$$Base            0x000300         --   Gb  - Linker created -
CSTACK$$Limit           0x000400         --   Gb  - Linker created -
Config_Timer            0x0084d0  0x21  Code  Gb  PLC-uart.o [1]
Config_Uart             0x008462  0x25  Code  Gb  PLC-uart.o [1]
Frame_Catch             0x0082ff  0x5b  Code  Gb  PLC.o [1]
Frame_Reset             0x00828d  0x72  Code  Gb  PLC.o [1]
Frame_Split             0x008080  0x9a  Code  Gb  PLC.o [1]
INTVEC$$Base            0x008000         --   Gb  - Linker created -
INTVEC$$Limit           0x008080         --   Gb  - Linker created -
Q_data                  0x00000c  0x68  Data  Gb  PLC.o [1]
Queue_Pop               0x0084f1  0x21  Code  Gb  PLC.o [1]
Queue_Push              0x00835a  0x3c  Code  Gb  PLC.o [1]
Region$$Table$$Base     0x008512         --   Gb  - Linker created -
Region$$Table$$Limit    0x00851a         --   Gb  - Linker created -
Slave_Reset             0x0085ae   0x9  Code  Gb  PLC-slave.o [1]
Slave_Update_2          0x00821a  0x73  Code  Gb  PLC-slave.o [1]
String_Str2Int          0x008396  0x3b  Code  Gb  PLC.o [1]
String_nCopy            0x0083d1  0x38  Code  Gb  PLC.o [1]
TIM2_UPD_OVF_BRK_IRQHandler
                        0x008591  0x10  Code  Gb  PLC-slave.o [1]
UART1_RX_IRQHandler     0x008487  0x25  Code  Gb  PLC-uart.o [1]
__DebugBreak            0x0085d0   0x1  Code  Gb  __dbg_break.o [3]
__exit                  0x00856a  0x14  Code  Gb  __dbg_xxexit.o [3]
__iar_data_init2        0x008556  0x14  Code  Gb  init.o [4]
__iar_program_start     0x00857e        Code  Gb  cstartup.o [4]
__iar_unhandled_exception
                        0x0085cd        Code  Gb  unhandled_exception.o [4]
__iar_zero_init2        0x008538        Code  Gb  init_small.o [4]
__intvec                0x008000        Data  Gb  interrupt.o [4]
__low_level_init        0x0085c7   0x3  Code  Gb  low_level_init.o [4]
_exit                   0x0085b7        Code  Gb  cexit.o [4]
_interrupt_15           0x008591        Code  Gb  PLC-slave.o [1]
_interrupt_20           0x008487        Code  Gb  PLC-uart.o [1]
digitalWrite            0x0081a5  0x75  Code  Gb  PLC-gpio.o [1]
exit                    0x0085ca   0x3  Code  Gb  exit.o [4]
frame                   0x000074  0x48  Data  Gb  PLC.o [1]
main                    0x00851a  0x1e  Code  Gb  main.o [1]
slave                   0x0000bc   0x2  Data  Gb  PLC-slave.o [1]
strcat                  0x0084ac  0x24  Code  Gb  strcat.o [4]
strcmp                  0x008436  0x2c  Code  Gb  strcmp.o [4]
strlen                  0x0085a1   0xd  Code  Gb  strlen.o [4]


[1] = E:\Program\VDK\STM8\PLC\PLC-slave\Debug\Obj
[2] = command line
[3] = dbgstm8smd.a
[4] = dlstm8smn.a

  1 345 bytes of readonly  code memory
    144 bytes of readonly  data memory
    446 bytes of readwrite data memory

Errors: none
Warnings: none
