###############################################################################
#
# IAR ELF Linker V3.10.1.201 for STM8                     06/Nov/2018  18:50:50
# Copyright 2010-2017 IAR Systems AB.
#
#    Output file  =  E:\Program\VDK\STM8\PLC\Master\Debug\Exe\Master.out
#    Map file     =  E:\Program\VDK\STM8\PLC\Master\Debug\List\Master.map
#    Command line =  
#        -f C:\Users\PHANVA~1\AppData\Local\Temp\EW90CC.tmp
#        (E:\Program\VDK\STM8\PLC\Master\Debug\Obj\main.o
#        E:\Program\VDK\STM8\PLC\Master\Debug\Obj\PLC-gpio.o
#        E:\Program\VDK\STM8\PLC\Master\Debug\Obj\PLC-master.o
#        E:\Program\VDK\STM8\PLC\Master\Debug\Obj\PLC-uart.o --redirect
#        _Printf=_PrintfFullNoMb --redirect _Scanf=_ScanfFullNoMb -o
#        E:\Program\VDK\STM8\PLC\Master\Debug\Exe\Master.out --map
#        E:\Program\VDK\STM8\PLC\Master\Debug\List\Master.map --config
#        "C:\Program Files (x86)\IAR Systems\Embedded Workbench
#        8.0\stm8\config\lnkstm8s103f3.icf" --config_def _CSTACK_SIZE=0x100
#        --config_def _HEAP_SIZE=0x100 --entry __iar_program_start --debug_lib)
#
###############################################################################

*******************************************************************************
*** RUNTIME MODEL ATTRIBUTES
***

__SystemLibrary            = DLib
__code_model               = small
__core                     = stm8
__data_model               = medium
__dlib_file_descriptor     = 0
__dlib_full_locale_support = 0
__rt_version               = 4


*******************************************************************************
*** PLACEMENT SUMMARY
***

"A0":  place at start of [0x000000-0x0000ff] { rw section .vregs };
"A1":  place at end of [0x000000-0x0003ff] { block CSTACK };
"P2":  place in [from 0x000000 to 0x0003ff] {
          block HEAP, rw section __DLIB_PERTHREAD, rw section .far.bss,
          rw section .far.data, rw section .far.noinit,
          rw section .far_func.textrw, rw section .huge.bss,
          rw section .huge.data, rw section .huge.noinit,
          rw section .huge_func.textrw, rw section .iar.dynexit,
          rw section .near.bss, rw section .near.data, rw section .near.noinit,
          rw section .near_func.textrw };
"A2":  place at start of [0x008000-0x009fff] { block INTVEC };
"P3":  place in [from 0x008000 to 0x009fff] {
          ro section __DLIB_PERTHREAD_init, ro section .far.data_init,
          ro section .far_func.textrw_init, ro section .huge.data_init,
          ro section .huge_func.textrw_init, ro section .iar.init_table,
          ro section .init_array, ro section .near.data_init,
          ro section .near.rodata, ro section .near_func.text,
          ro section .near_func.textrw_init, ro section .tiny.data_init,
          ro section .tiny.rodata_init };
"P4":  place in [from 0x008000 to 0x009fff] {
          ro section .far.rodata, ro section .far_func.text };
"P5":  place in [from 0x008000 to 0x009fff] {
          ro section .huge.rodata, ro section .huge_func.text };
do not initialize {
   rw section .eeprom.noinit, rw section .far.noinit, rw section .huge.noinit,
   rw section .near.noinit, rw section .tiny.noinit, rw section .vregs };

  Section          Kind      Address   Size  Object
  -------          ----      -------   ----  ------
"A0":                                   0xc
  .vregs           uninit   0x000000    0xc  vregs.o [4]
                          - 0x00000c    0xc

"P2":                                  0xc5
  .near.bss        zero     0x00000c   0x68  PLC-uart.o [1]
  .near.bss        zero     0x000074   0x48  PLC-master.o [1]
  .near.bss        zero     0x0000bc   0x15  PLC-master.o [1]
                          - 0x0000d1   0xc5

"A1":                                 0x100
  CSTACK                    0x000300  0x100  <Block>
    CSTACK         uninit   0x000300  0x100  <Block tail>
                          - 0x000400  0x100

"A2":                                  0x80
  INTVEC                    0x008000   0x80  <Block>
    .intvec        const    0x008000   0x80  interrupt.o [4]
                          - 0x008080   0x80

"P3-P5":                              0x29e
  .near_func.text  ro code  0x008080   0x72  PLC-master.o [1]
  .near_func.text  ro code  0x0080f2   0x3c  PLC-uart.o [1]
  .near_func.text  ro code  0x00812e   0x3b  PLC-master.o [1]
  .near_func.text  ro code  0x008169   0x2c  vreg_util.o [4]
  .near_func.text  ro code  0x008195   0x25  PLC-uart.o [1]
  .near_func.text  ro code  0x0081ba   0x25  PLC-uart.o [1]
  .near_func.text  ro code  0x0081df   0x25  short.o [4]
  .near_func.text  ro code  0x008204   0x21  PLC-uart.o [1]
  .iar.init_table  const    0x008225    0x8  - Linker created -
  .near_func.text  ro code  0x00822d   0x1f  PLC-uart.o [1]
  .near_func.text  ro code  0x00824c   0x1e  init_small.o [4]
  .near_func.text  ro code  0x00826a   0x1b  main.o [1]
  .near_func.text  ro code  0x008285   0x19  PLC-master.o [1]
  .near.rodata     const    0x00829e   0x15  main.o [1]
  .near_func.text  ro code  0x0082b3   0x14  init.o [4]
  .near_func.text  ro code  0x0082c7   0x14  __dbg_xxexit.o [3]
  .near_func.text  ro code  0x0082db   0x13  cstartup.o [4]
  .near_func.text  ro code  0x0082ee    0xb  PLC-uart.o [1]
  .near_func.text  ro code  0x0082f9    0xa  main.o [1]
  .near_func.text  ro code  0x008303    0x9  PLC-uart.o [1]
  .near_func.text  ro code  0x00830c    0x5  cexit.o [4]
  .near_func.text  ro code  0x008311    0x3  interrupt.o [4]
  .near_func.text  ro code  0x008314    0x3  low_level_init.o [4]
  .near_func.text  ro code  0x008317    0x3  exit.o [4]
  .near_func.text  ro code  0x00831a    0x3  unhandled_exception.o [4]
  .near_func.text  ro code  0x00831d    0x1  __dbg_break.o [3]
                          - 0x00831e  0x29e


*******************************************************************************
*** INIT TABLE
***

          Address   Size
          -------   ----
Zero (__iar_zero_init2)
    1 destination range, total size 0xc5:
          0x00000c  0xc5



*******************************************************************************
*** MODULE SUMMARY
***

    Module                 ro code  ro data  rw data
    ------                 -------  -------  -------
E:\Program\VDK\STM8\PLC\Master\Debug\Obj: [1]
    PLC-master.o               198                93
    PLC-uart.o                 218               104
    main.o                      37       21
    ------------------------------------------------
    Total:                     453       21      197

command line: [2]
    ------------------------------------------------
    Total:

dbgstm8smd.a: [3]
    __dbg_break.o                1
    __dbg_xxexit.o              20
    ------------------------------------------------
    Total:                      21

dlstm8smn.a: [4]
    cexit.o                      5
    cstartup.o                  19
    exit.o                       3
    init.o                      20
    init_small.o                30
    interrupt.o                  3      128
    low_level_init.o             3
    short.o                     37
    unhandled_exception.o        3
    vreg_util.o                 44
    vregs.o                                       12
    ------------------------------------------------
    Total:                     167      128       12

    Linker created                        8      256
----------------------------------------------------
    Grand Total:               641      157      465


*******************************************************************************
*** ENTRY LIST
***

Entry                    Address  Size  Type      Object
-----                    -------  ----  ----      ------
.iar.init_table$$Base   0x008225         --   Gb  - Linker created -
.iar.init_table$$Limit  0x00822d         --   Gb  - Linker created -
?b0                     0x000000        Data  Gb  vregs.o [4]
?b1                     0x000001        Data  Gb  vregs.o [4]
?b10                    0x00000a        Data  Gb  vregs.o [4]
?b11                    0x00000b        Data  Gb  vregs.o [4]
?b2                     0x000002        Data  Gb  vregs.o [4]
?b3                     0x000003        Data  Gb  vregs.o [4]
?b4                     0x000004        Data  Gb  vregs.o [4]
?b5                     0x000005        Data  Gb  vregs.o [4]
?b6                     0x000006        Data  Gb  vregs.o [4]
?b7                     0x000007        Data  Gb  vregs.o [4]
?b8                     0x000008        Data  Gb  vregs.o [4]
?b9                     0x000009        Data  Gb  vregs.o [4]
?e0                     0x000001        Data  Gb  vregs.o [4]
?e1                     0x000005        Data  Gb  vregs.o [4]
?e2                     0x000009        Data  Gb  vregs.o [4]
?l0                     0x000000        Data  Gb  vregs.o [4]
?l1                     0x000004        Data  Gb  vregs.o [4]
?l2                     0x000008        Data  Gb  vregs.o [4]
?mul16_x_x_w0           0x0081df        Code  Gb  short.o [4]
?pop_w1                 0x008186        Code  Gb  vreg_util.o [4]
?push_w1                0x008169        Code  Gb  vreg_util.o [4]
?push_w4                0x00816e        Code  Gb  vreg_util.o [4]
?sext16_x_a             0x0081fd        Code  Gb  short.o [4]
?w0                     0x000000        Data  Gb  vregs.o [4]
?w1                     0x000002        Data  Gb  vregs.o [4]
?w2                     0x000004        Data  Gb  vregs.o [4]
?w3                     0x000006        Data  Gb  vregs.o [4]
?w4                     0x000008        Data  Gb  vregs.o [4]
?w5                     0x00000a        Data  Gb  vregs.o [4]
CSTACK$$Base            0x000300         --   Gb  - Linker created -
CSTACK$$Limit           0x000400         --   Gb  - Linker created -
Config_Timer            0x008204  0x21  Code  Gb  PLC-uart.o [1]
Config_Uart             0x008195  0x25  Code  Gb  PLC-uart.o [1]
Fn_UART_PutChar         0x008303   0x9  Code  Gb  PLC-uart.o [1]
Fn_UART_Puts            0x0082ee   0xb  Code  Gb  PLC-uart.o [1]
Frame_Reset             0x008080  0x72  Code  Gb  PLC-master.o [1]
INTVEC$$Base            0x008000         --   Gb  - Linker created -
INTVEC$$Limit           0x008080         --   Gb  - Linker created -
Master_Reset            0x008285  0x19  Code  Gb  PLC-master.o [1]
Q_data                  0x00000c  0x68  Data  Gb  PLC-uart.o [1]
Queue_Init              0x00822d  0x1f  Code  Gb  PLC-uart.o [1]
Queue_Push              0x0080f2  0x3c  Code  Gb  PLC-uart.o [1]
Region$$Table$$Base     0x008225         --   Gb  - Linker created -
Region$$Table$$Limit    0x00822d         --   Gb  - Linker created -
TIM2_UPD_OVF_BRK_IRQHandler
                        0x00812e  0x3b  Code  Gb  PLC-master.o [1]
UART1_RX_IRQHandler     0x0081ba  0x25  Code  Gb  PLC-uart.o [1]
__DebugBreak            0x00831d   0x1  Code  Gb  __dbg_break.o [3]
__exit                  0x0082c7  0x14  Code  Gb  __dbg_xxexit.o [3]
__iar_data_init2        0x0082b3  0x14  Code  Gb  init.o [4]
__iar_program_start     0x0082db        Code  Gb  cstartup.o [4]
__iar_unhandled_exception
                        0x00831a        Code  Gb  unhandled_exception.o [4]
__iar_zero_init2        0x00824c        Code  Gb  init_small.o [4]
__intvec                0x008000        Data  Gb  interrupt.o [4]
__low_level_init        0x008314   0x3  Code  Gb  low_level_init.o [4]
_exit                   0x00830c        Code  Gb  cexit.o [4]
_interrupt_15           0x00812e        Code  Gb  PLC-master.o [1]
_interrupt_20           0x0081ba        Code  Gb  PLC-uart.o [1]
exit                    0x008317   0x3  Code  Gb  exit.o [4]
frame                   0x000074  0x48  Data  Gb  PLC-master.o [1]
main                    0x00826a  0x1b  Code  Gb  main.o [1]
master                  0x0000bc  0x15  Data  Gb  PLC-master.o [1]
test                    0x0082f9   0xa  Code  Gb  main.o [1]


[1] = E:\Program\VDK\STM8\PLC\Master\Debug\Obj
[2] = command line
[3] = dbgstm8smd.a
[4] = dlstm8smn.a

  641 bytes of readonly  code memory
  157 bytes of readonly  data memory
  465 bytes of readwrite data memory

Errors: none
Warnings: none
